\BOOKMARK [1][-]{section*.1}{\376\377\000A\000b\000s\000t\000r\000a\000c\000t}{}% 1
\BOOKMARK [1][-]{section.1}{\376\377\0001\000\040\000I\000n\000t\000r\000o\000d\000u\000c\000t\000i\000o\000n}{}% 2
\BOOKMARK [1][-]{section.2}{\376\377\0002\000\040\000L\000i\000t\000e\000r\000a\000t\000u\000r\000e\000\040\000R\000e\000v\000i\000e\000w}{}% 3
\BOOKMARK [2][-]{subsection.2.1}{\376\377\0002\000.\0001\000\040\000E\000x\000p\000l\000a\000i\000n\000a\000b\000l\000e\000\040\000r\000e\000c\000o\000m\000m\000e\000n\000d\000a\000t\000i\000o\000n}{section.2}% 4
\BOOKMARK [2][-]{subsection.2.2}{\376\377\0002\000.\0002\000\040\000R\000e\000c\000o\000m\000m\000e\000n\000d\000e\000r\000\040\000m\000o\000d\000e\000l\000s\000\040\000a\000n\000d\000\040\000o\000f\000f\000l\000i\000n\000e\000\040\000e\000v\000a\000l\000u\000a\000t\000i\000o\000n}{section.2}% 5
\BOOKMARK [2][-]{subsection.2.3}{\376\377\0002\000.\0003\000\040\000F\000a\000i\000t\000h\000f\000u\000l\000n\000e\000s\000s\000,\000\040\000c\000o\000u\000n\000t\000e\000r\000f\000a\000c\000t\000u\000a\000l\000\040\000e\000v\000a\000l\000u\000a\000t\000i\000o\000n\000,\000\040\000a\000n\000d\000\040\000r\000e\000c\000o\000u\000r\000s\000e}{section.2}% 6
\BOOKMARK [2][-]{subsection.2.4}{\376\377\0002\000.\0004\000\040\000E\000v\000a\000l\000u\000a\000t\000i\000o\000n\000\040\000p\000r\000o\000t\000o\000c\000o\000l\000s\000\040\000f\000o\000r\000\040\000r\000e\000c\000o\000m\000m\000e\000n\000d\000e\000r\000\040\000e\000x\000p\000l\000a\000n\000a\000t\000i\000o\000n\000s}{section.2}% 7
\BOOKMARK [2][-]{subsection.2.5}{\376\377\0002\000.\0005\000\040\000I\000n\000t\000e\000r\000p\000r\000e\000t\000a\000b\000l\000e\000\040\000m\000a\000c\000h\000i\000n\000e\000\040\000l\000e\000a\000r\000n\000i\000n\000g\000\040\000a\000n\000d\000\040\000c\000o\000o\000p\000e\000r\000a\000t\000i\000v\000e\000\040\000a\000t\000t\000r\000i\000b\000u\000t\000i\000o\000n}{section.2}% 8
\BOOKMARK [1][-]{section.3}{\376\377\0003\000\040\000B\000a\000c\000k\000g\000r\000o\000u\000n\000d\000\040\000a\000n\000d\000\040\000P\000r\000o\000b\000l\000e\000m\000\040\000F\000o\000r\000m\000u\000l\000a\000t\000i\000o\000n}{}% 9
\BOOKMARK [2][-]{subsection.3.1}{\376\377\0003\000.\0001\000\040\000T\000e\000m\000p\000o\000r\000a\000l\000\040\000u\000s\000e\000r\000-\000s\000p\000e\000c\000i\000f\000i\000c\000\040\000g\000a\000m\000e}{section.3}% 10
\BOOKMARK [2][-]{subsection.3.2}{\376\377\0003\000.\0002\000\040\000H\000i\000s\000t\000o\000r\000y\000-\000c\000o\000n\000d\000i\000t\000i\000o\000n\000e\000d\000\040\000r\000e\000c\000o\000m\000m\000e\000n\000d\000e\000r\000s}{section.3}% 11
\BOOKMARK [2][-]{subsection.3.3}{\376\377\0003\000.\0003\000\040\000U\000t\000i\000l\000i\000t\000i\000e\000s\000\040\000a\000n\000d\000\040\000i\000n\000t\000e\000r\000v\000e\000n\000t\000i\000o\000n\000s}{section.3}% 12
\BOOKMARK [1][-]{section.4}{\376\377\0004\000\040\000M\000e\000t\000h\000o\000d\000o\000l\000o\000g\000y}{}% 13
\BOOKMARK [2][-]{subsection.4.1}{\376\377\0004\000.\0001\000\040\000P\000r\000o\000t\000o\000c\000o\000l\000\040\000a\000r\000c\000h\000i\000t\000e\000c\000t\000u\000r\000e}{section.4}% 14
\BOOKMARK [2][-]{subsection.4.2}{\376\377\0004\000.\0002\000\040\000A\000t\000t\000r\000i\000b\000u\000t\000i\000o\000n\000\040\000m\000e\000t\000h\000o\000d\000s}{section.4}% 15
\BOOKMARK [2][-]{subsection.4.3}{\376\377\0004\000.\0003\000\040\000M\000e\000t\000r\000i\000c\000s}{section.4}% 16
\BOOKMARK [2][-]{subsection.4.4}{\376\377\0004\000.\0004\000\040\000D\000e\000c\000i\000s\000i\000o\000n\000\040\000q\000u\000a\000l\000i\000t\000y\000\040\000a\000n\000d\000\040\000r\000e\000g\000r\000e\000t}{section.4}% 17
\BOOKMARK [1][-]{section.5}{\376\377\0005\000\040\000E\000x\000p\000e\000r\000i\000m\000e\000n\000t\000a\000l\000\040\000P\000r\000o\000t\000o\000c\000o\000l}{}% 18
\BOOKMARK [2][-]{subsection.5.1}{\376\377\0005\000.\0001\000\040\000D\000a\000t\000a\000s\000e\000t\000s\000\040\000a\000n\000d\000\040\000t\000e\000m\000p\000o\000r\000a\000l\000\040\000s\000p\000l\000i\000t}{section.5}% 19
\BOOKMARK [2][-]{subsection.5.2}{\376\377\0005\000.\0002\000\040\000M\000o\000d\000e\000l\000s\000,\000\040\000c\000a\000n\000d\000i\000d\000a\000t\000e\000s\000,\000\040\000a\000n\000d\000\040\000g\000a\000t\000e\000s}{section.5}% 20
\BOOKMARK [2][-]{subsection.5.3}{\376\377\0005\000.\0003\000\040\000S\000t\000a\000t\000i\000s\000t\000i\000c\000a\000l\000\040\000a\000n\000a\000l\000y\000s\000i\000s}{section.5}% 21
\BOOKMARK [2][-]{subsection.5.4}{\376\377\0005\000.\0004\000\040\000R\000e\000p\000r\000o\000d\000u\000c\000i\000b\000i\000l\000i\000t\000y}{section.5}% 22
\BOOKMARK [1][-]{section.6}{\376\377\0006\000\040\000R\000e\000s\000u\000l\000t\000s}{}% 23
\BOOKMARK [2][-]{subsection.6.1}{\376\377\0006\000.\0001\000\040\000R\000e\000c\000o\000m\000m\000e\000n\000d\000a\000t\000i\000o\000n\000\040\000q\000u\000a\000l\000i\000t\000y\000\040\000a\000n\000d\000\040\000p\000r\000o\000t\000o\000c\000o\000l\000\040\000a\000u\000d\000i\000t}{section.6}% 24
\BOOKMARK [2][-]{subsection.6.2}{\376\377\0006\000.\0002\000\040\000F\000a\000i\000t\000h\000f\000u\000l\000n\000e\000s\000s\000\040\000v\000e\000r\000s\000u\000s\000\040\000b\000o\000u\000n\000d\000e\000d\000\040\000a\000l\000i\000g\000n\000m\000e\000n\000t}{section.6}% 25
\BOOKMARK [2][-]{subsection.6.3}{\376\377\0006\000.\0003\000\040\000J\000o\000i\000n\000t\000\040\000i\000n\000t\000e\000r\000v\000e\000n\000t\000i\000o\000n\000\040\000d\000e\000c\000i\000s\000i\000o\000n\000s}{section.6}% 26
\BOOKMARK [2][-]{subsection.6.4}{\376\377\0006\000.\0004\000\040\000H\000y\000p\000o\000t\000h\000e\000s\000i\000s\000\040\000a\000d\000j\000u\000d\000i\000c\000a\000t\000i\000o\000n}{section.6}% 27
\BOOKMARK [2][-]{subsection.6.5}{\376\377\0006\000.\0005\000\040\000N\000u\000l\000l\000\040\000c\000a\000l\000i\000b\000r\000a\000t\000i\000o\000n\000\040\000a\000n\000d\000\040\000c\000o\000n\000v\000e\000r\000g\000e\000n\000c\000e}{section.6}% 28
\BOOKMARK [2][-]{subsection.6.6}{\376\377\0006\000.\0006\000\040\000R\000o\000b\000u\000s\000t\000n\000e\000s\000s\000\040\000a\000n\000d\000\040\000b\000o\000u\000n\000d\000a\000r\000i\000e\000s}{section.6}% 29
\BOOKMARK [1][-]{section.7}{\376\377\0007\000\040\000D\000i\000s\000c\000u\000s\000s\000i\000o\000n\000\040\000a\000n\000d\000\040\000B\000r\000o\000a\000d\000e\000r\000\040\000I\000m\000p\000l\000i\000c\000a\000t\000i\000o\000n\000s}{}% 30
\BOOKMARK [2][-]{subsection.7.1}{\376\377\0007\000.\0001\000\040\000L\000i\000m\000i\000t\000a\000t\000i\000o\000n\000s\000\040\000a\000n\000d\000\040\000T\000h\000r\000e\000a\000t\000s\000\040\000t\000o\000\040\000V\000a\000l\000i\000d\000i\000t\000y}{section.7}% 31
\BOOKMARK [1][-]{section.8}{\376\377\0008\000\040\000C\000o\000n\000c\000l\000u\000s\000i\000o\000n}{}% 32
\BOOKMARK [1][-]{section.9}{\376\377\0009\000\040\000D\000a\000t\000a\000\040\000A\000v\000a\000i\000l\000a\000b\000i\000l\000i\000t\000y}{}% 33
\BOOKMARK [1][-]{section.10}{\376\377\0001\0000\000\040\000C\000o\000d\000e\000\040\000a\000n\000d\000\040\000M\000a\000t\000e\000r\000i\000a\000l\000s\000\040\000A\000v\000a\000i\000l\000a\000b\000i\000l\000i\000t\000y}{}% 34
\BOOKMARK [1][-]{section*.17}{\376\377\000A\000c\000k\000n\000o\000w\000l\000e\000d\000g\000m\000e\000n\000t\000s}{}% 35
\BOOKMARK [1][-]{section*.19}{\376\377\000R\000e\000f\000e\000r\000e\000n\000c\000e\000s}{}% 36
\BOOKMARK [1][-]{appendix.appendix.A}{\376\377\000A\000\040\000F\000o\000r\000m\000a\000l\000\040\000G\000u\000a\000r\000a\000n\000t\000e\000e\000s}{}% 37
\BOOKMARK [2][-]{subsection.appendix.A.1}{\376\377\000A\000.\0001\000\040\000E\000f\000f\000i\000c\000i\000e\000n\000c\000y\000\040\000o\000f\000\040\000t\000h\000e\000\040\000p\000r\000e\000f\000i\000x\000-\000w\000a\000l\000k\000\040\000e\000s\000t\000i\000m\000a\000t\000o\000r}{appendix.appendix.A}% 38
\BOOKMARK [2][-]{subsection.appendix.A.2}{\376\377\000A\000.\0002\000\040\000L\000e\000a\000v\000e\000-\000o\000n\000e\000-\000o\000u\000t\000\040\000c\000e\000i\000l\000i\000n\000g}{appendix.appendix.A}% 39
\BOOKMARK [2][-]{subsection.appendix.A.3}{\376\377\000A\000.\0003\000\040\000E\000x\000a\000c\000t\000\040\000b\000u\000d\000g\000e\000t\000-\000t\000w\000o\000\040\000a\000c\000t\000i\000o\000n\000\040\000s\000p\000a\000c\000e}{appendix.appendix.A}% 40
\BOOKMARK [1][-]{appendix.appendix.B}{\376\377\000B\000\040\000E\000x\000p\000e\000r\000i\000m\000e\000n\000t\000a\000l\000\040\000C\000o\000n\000t\000r\000a\000c\000t}{}% 41
\BOOKMARK [1][-]{appendix.appendix.C}{\376\377\000C\000\040\000N\000o\000t\000a\000t\000i\000o\000n\000\040\000S\000u\000m\000m\000a\000r\000y}{}% 42
