LOG: 14400 impressions, click rate 0.5459 (0s)
BPR fitted (1s)
2026-08-19 20:35:22,023 | INFO | run_started | {"config_hash": "0ce6a5d00e4dc5ff", "run_id": "semireal-handcrafted-20260819T203522Z-c13114a2"}
2026-08-19 20:35:22,023 | INFO | exact_game_started | {}
2026-08-19 20:35:22,023 | INFO | simulator_ready | {"horizon": 12, "n_items": 240, "n_users": 120, "scenario": "nominal"}
2026-08-19 20:42:58,178 | INFO | scenario_game_completed | {"grand_coalition_improvement": -0.13710546477148472, "scenario": "nominal", "shapley_efficiency_gap": -5.551115123125783e-17}
2026-08-19 20:42:58,179 | INFO | simulator_ready | {"horizon": 12, "n_items": 240, "n_users": 120, "scenario": "fatigue_stress"}
2026-08-19 20:50:23,854 | INFO | scenario_game_completed | {"grand_coalition_improvement": -0.1319433190670164, "scenario": "fatigue_stress", "shapley_efficiency_gap": 5.551115123125783e-17}
2026-08-19 20:50:23,855 | INFO | simulator_ready | {"horizon": 12, "n_items": 240, "n_users": 120, "scenario": "popularity_stress"}
2026-08-19 20:57:45,263 | INFO | scenario_game_completed | {"grand_coalition_improvement": -0.14429947747179767, "scenario": "popularity_stress", "shapley_efficiency_gap": -2.7755575615628914e-17}
2026-08-19 20:57:45,264 | INFO | simulator_ready | {"horizon": 12, "n_items": 240, "n_users": 120, "scenario": "mixed_stress"}
2026-08-19 21:05:24,409 | INFO | scenario_game_completed | {"grand_coalition_improvement": -0.14391965833295567, "scenario": "mixed_stress", "shapley_efficiency_gap": 0.0}
2026-08-19 21:05:24,424 | INFO | robust_game_completed | {"robust_grand_improvement": -0.14429947747179767, "robust_shapley_efficiency_gap": 8.326672684688674e-17}
2026-08-19 21:05:24,430 | INFO | exact_game_completed | {"duration_seconds": 1802.4071945610003}
2026-08-19 21:05:24,430 | INFO | robust_planning_started | {}
2026-08-19 21:05:24,430 | INFO | planner_mode_resolved | {"base_feasible": false, "base_lower_improvement": 0.0, "cost": 0.0, "fatigue_upper": 0.492758111834193, "mode": "repair", "provider_disparity_upper": 0.3277854938271605, "relevance_delta_lower": 0.0}
2026-08-19 21:05:24,431 | INFO | portfolio_rejected | {"active_interventions": [], "coalition_mask": 0, "cost": 0.0, "fatigue_upper": 0.492758111834193, "lower_improvement": 0.0, "mode": "repair", "provider_disparity_upper": 0.3277854938271605, "relevance_delta_lower": 0.0}
2026-08-19 21:05:24,431 | INFO | portfolio_rejected | {"active_interventions": ["explore_slot"], "coalition_mask": 2, "cost": 0.1, "fatigue_upper": 0.45869019290566704, "lower_improvement": -0.0718960331907077, "mode": "repair", "provider_disparity_upper": 0.3049845679012346, "relevance_delta_lower": -0.007799518670424943}
2026-08-19 21:05:24,431 | INFO | portfolio_rejected | {"active_interventions": ["tail_slot"], "coalition_mask": 4, "cost": 0.08, "fatigue_upper": 0.45901818722079935, "lower_improvement": -0.05145415155627292, "mode": "repair", "provider_disparity_upper": 0.2931018518518518, "relevance_delta_lower": -0.006369554561711843}
2026-08-19 21:05:24,431 | INFO | portfolio_rejected | {"active_interventions": ["diversify"], "coalition_mask": 8, "cost": 0.06, "fatigue_upper": 0.48961044133949305, "lower_improvement": -0.058702188418542245, "mode": "repair", "provider_disparity_upper": 0.3236419753086419, "relevance_delta_lower": -0.005079540350818257}
2026-08-19 21:05:24,431 | INFO | portfolio_rejected | {"active_interventions": ["explore_slot", "diversify"], "coalition_mask": 10, "cost": 0.16, "fatigue_upper": 0.4645983039226619, "lower_improvement": -0.13806072448302606, "mode": "repair", "provider_disparity_upper": 0.317199074074074, "relevance_delta_lower": -0.008243106079063867}
2026-08-19 21:05:24,431 | INFO | portfolio_rejected | {"active_interventions": ["tail_slot", "diversify"], "coalition_mask": 12, "cost": 0.14, "fatigue_upper": 0.4683996345990081, "lower_improvement": -0.11933190823552803, "mode": "repair", "provider_disparity_upper": 0.29574074074074064, "relevance_delta_lower": -0.008019049556712066}
2026-08-19 21:05:24,432 | INFO | portfolio_rejected | {"active_interventions": ["explore_slot", "tail_slot", "diversify"], "coalition_mask": 14, "cost": 0.24, "fatigue_upper": 0.4333103533473186, "lower_improvement": -0.19234569115815603, "mode": "repair", "provider_disparity_upper": 0.2911574074074075, "relevance_delta_lower": -0.014116450565537342}
2026-08-19 21:05:24,432 | INFO | portfolio_rejected | {"active_interventions": ["novel_slot"], "coalition_mask": 16, "cost": 0.08, "fatigue_upper": 0.4708963318136204, "lower_improvement": -0.07967326109937028, "mode": "repair", "provider_disparity_upper": 0.4050694444444445, "relevance_delta_lower": -0.025534290377414837}
2026-08-19 21:05:24,432 | INFO | portfolio_rejected | {"active_interventions": ["repeat_cap", "novel_slot"], "coalition_mask": 17, "cost": 0.13, "fatigue_upper": 0.0, "lower_improvement": 0.20362481361283913, "mode": "repair", "provider_disparity_upper": 0.28248456790123444, "relevance_delta_lower": -0.060886430305401196}
2026-08-19 21:05:24,432 | INFO | portfolio_rejected | {"active_interventions": ["explore_slot", "novel_slot"], "coalition_mask": 18, "cost": 0.18, "fatigue_upper": 0.4299919455947753, "lower_improvement": -0.14821801131279988, "mode": "repair", "provider_disparity_upper": 0.3733564814814814, "relevance_delta_lower": -0.03161334958642259}
2026-08-19 21:05:24,432 | INFO | portfolio_rejected | {"active_interventions": ["tail_slot", "novel_slot"], "coalition_mask": 20, "cost": 0.16, "fatigue_upper": 0.43204314842271185, "lower_improvement": -0.12663574928439844, "mode": "repair", "provider_disparity_upper": 0.36898148148148135, "relevance_delta_lower": -0.028120548903493692}
2026-08-19 21:05:24,432 | INFO | portfolio_rejected | {"active_interventions": ["explore_slot", "tail_slot", "novel_slot"], "coalition_mask": 22, "cost": 0.26, "fatigue_upper": 0.428650551451011, "lower_improvement": -0.22192326600730605, "mode": "repair", "provider_disparity_upper": 0.3564583333333333, "relevance_delta_lower": -0.02745259931776689}
2026-08-19 21:05:24,432 | INFO | portfolio_rejected | {"active_interventions": ["diversify", "novel_slot"], "coalition_mask": 24, "cost": 0.14, "fatigue_upper": 0.46972888786066547, "lower_improvement": -0.136647037274358, "mode": "repair", "provider_disparity_upper": 0.3825694444444445, "relevance_delta_lower": -0.01902584481018088}
2026-08-19 21:05:24,433 | INFO | portfolio_rejected | {"active_interventions": ["explore_slot", "diversify", "novel_slot"], "coalition_mask": 26, "cost": 0.24, "fatigue_upper": 0.43950350851425496, "lower_improvement": -0.213128011246626, "mode": "repair", "provider_disparity_upper": 0.35524691358024696, "relevance_delta_lower": -0.023729514014213637}
2026-08-19 21:05:24,433 | INFO | portfolio_rejected | {"active_interventions": ["tail_slot", "diversify", "novel_slot"], "coalition_mask": 28, "cost": 0.22, "fatigue_upper": 0.4434807030025221, "lower_improvement": -0.19867176065770323, "mode": "repair", "provider_disparity_upper": 0.37247685185185175, "relevance_delta_lower": -0.026135889458932637}
2026-08-19 21:05:24,433 | INFO | portfolio_rejected | {"active_interventions": ["explore_slot", "tail_slot", "diversify", "novel_slot"], "coalition_mask": 30, "cost": 0.32, "fatigue_upper": 0.4382154896894196, "lower_improvement": -0.28880694210414165, "mode": "repair", "provider_disparity_upper": 0.34087191358024693, "relevance_delta_lower": -0.020471738817110063}
2026-08-19 21:05:24,433 | INFO | portfolio_rejected | {"active_interventions": ["repeat_cap", "explore_slot", "tail_slot", "diversify", "novel_slot"], "coalition_mask": 31, "cost": 0.37000000000000005, "fatigue_upper": 0.0, "lower_improvement": -0.02602834108555957, "mode": "repair", "provider_disparity_upper": 0.2150154320987654, "relevance_delta_lower": -0.04768507760083063}
2026-08-19 21:05:24,433 | INFO | portfolio_rejected | {"active_interventions": ["explore_slot", "tail_slot", "diversify", "provider_balance"], "coalition_mask": 46, "cost": 0.36000000000000004, "fatigue_upper": 0.4402105418990686, "lower_improvement": -0.31503805221627873, "mode": "repair", "provider_disparity_upper": 0.09385802469135807, "relevance_delta_lower": -0.009180726174821685}
2026-08-19 21:05:24,434 | INFO | portfolio_rejected | {"active_interventions": ["repeat_cap", "explore_slot", "tail_slot", "diversify", "provider_balance"], "coalition_mask": 47, "cost": 0.41, "fatigue_upper": 0.0, "lower_improvement": -0.05861858023798744, "mode": "repair", "provider_disparity_upper": 0.10016975308641962, "relevance_delta_lower": -0.04659057023172486}
2026-08-19 21:05:24,434 | INFO | portfolio_rejected | {"active_interventions": ["explore_slot", "tail_slot", "novel_slot", "provider_balance"], "coalition_mask": 54, "cost": 0.38000000000000006, "fatigue_upper": 0.44827228489318643, "lower_improvement": -0.35105570862206464, "mode": "repair", "provider_disparity_upper": 0.1276311728395061, "relevance_delta_lower": -0.01917580489955728}
2026-08-19 21:05:24,434 | INFO | portfolio_rejected | {"active_interventions": ["repeat_cap", "explore_slot", "tail_slot", "novel_slot", "provider_balance"], "coalition_mask": 55, "cost": 0.43, "fatigue_upper": 0.0, "lower_improvement": -0.08571605117743603, "mode": "repair", "provider_disparity_upper": 0.10063271604938273, "relevance_delta_lower": -0.04977195147468261}
2026-08-19 21:05:24,434 | INFO | portfolio_rejected | {"active_interventions": ["explore_slot", "diversify", "novel_slot", "provider_balance"], "coalition_mask": 58, "cost": 0.36000000000000004, "fatigue_upper": 0.4410881927265759, "lower_improvement": -0.3263871370470038, "mode": "repair", "provider_disparity_upper": 0.104837962962963, "relevance_delta_lower": -0.01797192636254663}
2026-08-19 21:05:24,434 | INFO | portfolio_rejected | {"active_interventions": ["repeat_cap", "explore_slot", "diversify", "novel_slot", "provider_balance"], "coalition_mask": 59, "cost": 0.41, "fatigue_upper": 0.0, "lower_improvement": -0.06785257426425678, "mode": "repair", "provider_disparity_upper": 0.10189814814814802, "relevance_delta_lower": -0.05170810325278663}
2026-08-19 21:05:24,434 | INFO | portfolio_rejected | {"active_interventions": ["repeat_cap", "tail_slot", "diversify", "novel_slot", "provider_balance"], "coalition_mask": 61, "cost": 0.39, "fatigue_upper": 0.0, "lower_improvement": -0.04746354259630148, "mode": "repair", "provider_disparity_upper": 0.10492283950617276, "relevance_delta_lower": -0.0537989025697293}
2026-08-19 21:05:24,435 | INFO | portfolio_rejected | {"active_interventions": ["explore_slot", "tail_slot", "diversify", "novel_slot", "provider_balance"], "coalition_mask": 62, "cost": 0.44000000000000006, "fatigue_upper": 0.4491607010993689, "lower_improvement": -0.4075466584712351, "mode": "repair", "provider_disparity_upper": 0.10325617283950606, "relevance_delta_lower": -0.01478150102028608}
2026-08-19 21:05:24,435 | INFO | portfolio_rejected | {"active_interventions": ["repeat_cap", "explore_slot", "tail_slot", "diversify", "novel_slot", "provider_balance"], "coalition_mask": 63, "cost": 0.49000000000000005, "fatigue_upper": 0.0, "lower_improvement": -0.14429947747179767, "mode": "repair", "provider_disparity_upper": 0.09958333333333336, "relevance_delta_lower": -0.04924415118944936}
2026-08-19 21:05:24,435 | INFO | portfolio_selected | {"action": "repair_selected", "base_feasible": false, "cost": 0.05, "fatigue_upper": 0.0, "feasible": true, "lower_improvement": 0.2985139280765191, "mode": "repair", "provider_disparity_upper": 0.22587191358024694, "reason": "Base policy violates robust constraints; selected the best feasible repair by maximin improvement.", "relevance_delta_lower": -0.04413677084635825, "selected_interventions": ["repeat_cap"], "selected_mask": 1, "status": "repair_selected", "upper_improvement": 0.3130691025188376}
2026-08-19 21:05:24,437 | INFO | explanation_card_written | {"selected_mask": 1, "status": "repair_selected"}
2026-08-19 21:05:24,437 | INFO | robust_planning_completed | {"duration_seconds": 0.006593710999823088}
2026-08-19 21:05:24,437 | INFO | reporting_started | {}
2026-08-19 21:05:25,831 | INFO | assets_generated | {"figures": ["figures/figure_01_framework.png", "figures/figure_02_shapley_regions.png", "figures/figure_03_uncertainty_widths.png", "figures/figure_04_interaction_heatmap.png", "figures/figure_05_trajectory_comparison.png", "figures/figure_06_decision_card.png", "figures/figure_07_runtime_by_cardinality.png", "figures/figure_08_scenario_sensitivity.png"], "tables": ["tables/table_01_asset_registry.csv", "tables/table_02_benchmark_configuration.csv", "tables/table_03_attribution_regions.csv", "tables/table_04_uncertainty_summary.csv", "tables/table_05_portfolio_decision.csv", "tables/table_06_long_term_tradeoffs.csv", "tables/table_07_selection_comparison.csv", "tables/table_08_runtime_summary.csv"]}
2026-08-19 21:05:25,832 | INFO | reporting_completed | {"duration_seconds": 1.3949683979999463}
2026-08-19 21:05:25,832 | INFO | run_finished | {"run_dir": "/home/user/next-paper/paper-ideas/CURE-Rec/code/results/reviewer_phase_assets/semireal_integration/runs/handcrafted/semireal-handcrafted-20260819T203522Z-c13114a2", "status": "completed"}
HANDCRAFTED: repeat_cap (repair, 0.29851) (1804s)
2026-08-19 21:05:25,833 | INFO | run_started | {"config_hash": "cf21391ef1ca3caa", "run_id": "semireal-learned-bpr-20260819T210525Z-9535bc33"}
2026-08-19 21:05:25,834 | INFO | simulator_ready | {"horizon": 12, "n_items": 240, "n_users": 120, "scenario": "nominal"}
2026-08-19 21:12:47,346 | INFO | scenario_game_completed | {"grand_coalition_improvement": -0.1098121275371704, "scenario": "nominal", "shapley_efficiency_gap": 1.5265566588595902e-16}
2026-08-19 21:12:47,347 | INFO | simulator_ready | {"horizon": 12, "n_items": 240, "n_users": 120, "scenario": "fatigue_stress"}
2026-08-19 21:20:09,752 | INFO | scenario_game_completed | {"grand_coalition_improvement": -0.07893000872468747, "scenario": "fatigue_stress", "shapley_efficiency_gap": -8.326672684688674e-17}
2026-08-19 21:20:09,753 | INFO | simulator_ready | {"horizon": 12, "n_items": 240, "n_users": 120, "scenario": "popularity_stress"}
2026-08-19 21:27:31,998 | INFO | scenario_game_completed | {"grand_coalition_improvement": -0.0770347459658387, "scenario": "popularity_stress", "shapley_efficiency_gap": 5.551115123125783e-17}
2026-08-19 21:27:31,999 | INFO | simulator_ready | {"horizon": 12, "n_items": 240, "n_users": 120, "scenario": "mixed_stress"}
2026-08-19 21:34:52,059 | INFO | scenario_game_completed | {"grand_coalition_improvement": -0.07500377155745747, "scenario": "mixed_stress", "shapley_efficiency_gap": 1.249000902703301e-16}
2026-08-19 21:34:52,073 | INFO | robust_game_completed | {"robust_grand_improvement": -0.1098121275371704, "robust_shapley_efficiency_gap": 6.938893903907228e-17}
2026-08-19 21:34:52,079 | INFO | planner_mode_resolved | {"base_feasible": false, "base_lower_improvement": 0.0, "cost": 0.0, "fatigue_upper": 0.5253995078092428, "mode": "repair", "provider_disparity_upper": 0.3491666666666666, "relevance_delta_lower": 0.0}
2026-08-19 21:34:52,079 | INFO | portfolio_rejected | {"active_interventions": [], "coalition_mask": 0, "cost": 0.0, "fatigue_upper": 0.5253995078092428, "lower_improvement": 0.0, "mode": "repair", "provider_disparity_upper": 0.3491666666666666, "relevance_delta_lower": 0.0}
2026-08-19 21:34:52,079 | INFO | portfolio_rejected | {"active_interventions": ["explore_slot"], "coalition_mask": 2, "cost": 0.1, "fatigue_upper": 0.4927327351282251, "lower_improvement": -0.07370816543840539, "mode": "repair", "provider_disparity_upper": 0.3415432098765432, "relevance_delta_lower": -0.006956406858828146}
2026-08-19 21:34:52,079 | INFO | portfolio_rejected | {"active_interventions": ["tail_slot"], "coalition_mask": 4, "cost": 0.08, "fatigue_upper": 0.49307515382849315, "lower_improvement": -0.05462611837926923, "mode": "repair", "provider_disparity_upper": 0.3415432098765432, "relevance_delta_lower": -0.00694389492420755}
2026-08-19 21:34:52,080 | INFO | portfolio_rejected | {"active_interventions": ["explore_slot", "tail_slot"], "coalition_mask": 6, "cost": 0.18, "fatigue_upper": 0.4507573626082999, "lower_improvement": -0.1213989863088778, "mode": "repair", "provider_disparity_upper": 0.32412037037037034, "relevance_delta_lower": -0.014593231190216605}
2026-08-19 21:34:52,080 | INFO | portfolio_rejected | {"active_interventions": ["diversify"], "coalition_mask": 8, "cost": 0.06, "fatigue_upper": 0.5253995078092428, "lower_improvement": -0.06164288867890427, "mode": "repair", "provider_disparity_upper": 0.3476851851851852, "relevance_delta_lower": -0.004834058390510543}
2026-08-19 21:34:52,080 | INFO | portfolio_rejected | {"active_interventions": ["explore_slot", "diversify"], "coalition_mask": 10, "cost": 0.16, "fatigue_upper": 0.4952682478711467, "lower_improvement": -0.1347356605578576, "mode": "repair", "provider_disparity_upper": 0.33952160493827166, "relevance_delta_lower": -0.005774282834009048}
2026-08-19 21:34:52,080 | INFO | portfolio_rejected | {"active_interventions": ["tail_slot", "diversify"], "coalition_mask": 12, "cost": 0.14, "fatigue_upper": 0.5003682905820559, "lower_improvement": -0.11721434772298484, "mode": "repair", "provider_disparity_upper": 0.3431481481481482, "relevance_delta_lower": -0.00593062187880633}
2026-08-19 21:34:52,080 | INFO | portfolio_rejected | {"active_interventions": ["explore_slot", "tail_slot", "diversify"], "coalition_mask": 14, "cost": 0.24, "fatigue_upper": 0.46291811730240784, "lower_improvement": -0.18899849107236893, "mode": "repair", "provider_disparity_upper": 0.32943672839506166, "relevance_delta_lower": -0.010779782213352629}
2026-08-19 21:34:52,081 | INFO | portfolio_rejected | {"active_interventions": ["novel_slot"], "coalition_mask": 16, "cost": 0.08, "fatigue_upper": 0.5253995078092428, "lower_improvement": -0.09740437285828513, "mode": "repair", "provider_disparity_upper": 0.33851851851851844, "relevance_delta_lower": -0.023276146657991714}
2026-08-19 21:34:52,081 | INFO | portfolio_rejected | {"active_interventions": ["explore_slot", "novel_slot"], "coalition_mask": 18, "cost": 0.18, "fatigue_upper": 0.4927327351282251, "lower_improvement": -0.17131878163225, "mode": "repair", "provider_disparity_upper": 0.32114197530864197, "relevance_delta_lower": -0.031855384536285}
2026-08-19 21:34:52,081 | INFO | portfolio_rejected | {"active_interventions": ["tail_slot", "novel_slot"], "coalition_mask": 20, "cost": 0.16, "fatigue_upper": 0.4945163619826613, "lower_improvement": -0.15279520995696164, "mode": "repair", "provider_disparity_upper": 0.3214351851851851, "relevance_delta_lower": -0.030941210282213416}
2026-08-19 21:34:52,081 | INFO | portfolio_rejected | {"active_interventions": ["explore_slot", "tail_slot", "novel_slot"], "coalition_mask": 22, "cost": 0.26, "fatigue_upper": 0.47929045878389703, "lower_improvement": -0.2340366553579586, "mode": "repair", "provider_disparity_upper": 0.3240663580246914, "relevance_delta_lower": -0.02585090537003598}
2026-08-19 21:34:52,081 | INFO | portfolio_rejected | {"active_interventions": ["diversify", "novel_slot"], "coalition_mask": 24, "cost": 0.14, "fatigue_upper": 0.5253995078092428, "lower_improvement": -0.1523225476992463, "mode": "repair", "provider_disparity_upper": 0.3362962962962963, "relevance_delta_lower": -0.01784831537002185}
2026-08-19 21:34:52,081 | INFO | portfolio_rejected | {"active_interventions": ["explore_slot", "diversify", "novel_slot"], "coalition_mask": 26, "cost": 0.24, "fatigue_upper": 0.4906188573779344, "lower_improvement": -0.22317022967214667, "mode": "repair", "provider_disparity_upper": 0.32584876543209873, "relevance_delta_lower": -0.02336799350848151}
2026-08-19 21:34:52,081 | INFO | portfolio_rejected | {"active_interventions": ["tail_slot", "diversify", "novel_slot"], "coalition_mask": 28, "cost": 0.22, "fatigue_upper": 0.4988565635612133, "lower_improvement": -0.2115258265994804, "mode": "repair", "provider_disparity_upper": 0.3243827160493826, "relevance_delta_lower": -0.02466172221506624}
2026-08-19 21:34:52,082 | INFO | portfolio_rejected | {"active_interventions": ["explore_slot", "tail_slot", "diversify", "novel_slot"], "coalition_mask": 30, "cost": 0.32, "fatigue_upper": 0.48308618813813164, "lower_improvement": -0.29523383726158114, "mode": "repair", "provider_disparity_upper": 0.3292515432098766, "relevance_delta_lower": -0.020146689459064282}
2026-08-19 21:34:52,082 | INFO | portfolio_rejected | {"active_interventions": ["repeat_cap", "explore_slot", "tail_slot", "diversify", "novel_slot"], "coalition_mask": 31, "cost": 0.37000000000000005, "fatigue_upper": 0.0, "lower_improvement": 0.008905483315530205, "mode": "repair", "provider_disparity_upper": 0.16847222222222213, "relevance_delta_lower": -0.05770430107679658}
2026-08-19 21:34:52,082 | INFO | portfolio_rejected | {"active_interventions": ["explore_slot", "tail_slot", "diversify", "provider_balance"], "coalition_mask": 46, "cost": 0.36000000000000004, "fatigue_upper": 0.4729314105113867, "lower_improvement": -0.3151380741634213, "mode": "repair", "provider_disparity_upper": 0.1668364197530865, "relevance_delta_lower": -0.009327439076999067}
2026-08-19 21:34:52,082 | INFO | portfolio_rejected | {"active_interventions": ["repeat_cap", "explore_slot", "tail_slot", "diversify", "provider_balance"], "coalition_mask": 47, "cost": 0.41, "fatigue_upper": 0.0, "lower_improvement": -0.025492983444419304, "mode": "repair", "provider_disparity_upper": 0.13922839506172835, "relevance_delta_lower": -0.05016156382424375}
2026-08-19 21:34:52,083 | INFO | portfolio_rejected | {"active_interventions": ["explore_slot", "tail_slot", "novel_slot", "provider_balance"], "coalition_mask": 54, "cost": 0.38000000000000006, "fatigue_upper": 0.49572998011849967, "lower_improvement": -0.35946754891581734, "mode": "repair", "provider_disparity_upper": 0.17867283950617274, "relevance_delta_lower": -0.018970158147778915}
2026-08-19 21:34:52,083 | INFO | portfolio_rejected | {"active_interventions": ["repeat_cap", "explore_slot", "tail_slot", "novel_slot", "provider_balance"], "coalition_mask": 55, "cost": 0.43, "fatigue_upper": 0.0, "lower_improvement": -0.050529909857192634, "mode": "repair", "provider_disparity_upper": 0.14199845679012335, "relevance_delta_lower": -0.05653948194480152}
2026-08-19 21:34:52,083 | INFO | portfolio_rejected | {"active_interventions": ["explore_slot", "diversify", "novel_slot", "provider_balance"], "coalition_mask": 58, "cost": 0.36000000000000004, "fatigue_upper": 0.48484391621198286, "lower_improvement": -0.33679991834456513, "mode": "repair", "provider_disparity_upper": 0.16353395061728393, "relevance_delta_lower": -0.02094778646086548}
2026-08-19 21:34:52,083 | INFO | portfolio_rejected | {"active_interventions": ["repeat_cap", "explore_slot", "diversify", "novel_slot", "provider_balance"], "coalition_mask": 59, "cost": 0.41, "fatigue_upper": 0.0, "lower_improvement": -0.03126640645434664, "mode": "repair", "provider_disparity_upper": 0.136929012345679, "relevance_delta_lower": -0.058313792545235055}
2026-08-19 21:34:52,083 | INFO | portfolio_rejected | {"active_interventions": ["repeat_cap", "tail_slot", "diversify", "novel_slot", "provider_balance"], "coalition_mask": 61, "cost": 0.39, "fatigue_upper": 0.0, "lower_improvement": -0.01263247536727291, "mode": "repair", "provider_disparity_upper": 0.13975308641975315, "relevance_delta_lower": -0.05955641136084644}
2026-08-19 21:34:52,083 | INFO | portfolio_rejected | {"active_interventions": ["explore_slot", "tail_slot", "diversify", "novel_slot", "provider_balance"], "coalition_mask": 62, "cost": 0.44000000000000006, "fatigue_upper": 0.48880476326388744, "lower_improvement": -0.4174394195922388, "mode": "repair", "provider_disparity_upper": 0.16915123456790115, "relevance_delta_lower": -0.01691639308214099}
2026-08-19 21:34:52,083 | INFO | portfolio_rejected | {"active_interventions": ["repeat_cap", "explore_slot", "tail_slot", "diversify", "novel_slot", "provider_balance"], "coalition_mask": 63, "cost": 0.49000000000000005, "fatigue_upper": 0.0, "lower_improvement": -0.1098121275371704, "mode": "repair", "provider_disparity_upper": 0.13838734567901234, "relevance_delta_lower": -0.0560191199292559}
2026-08-19 21:34:52,084 | INFO | portfolio_selected | {"action": "repair_selected", "base_feasible": false, "cost": 0.05, "fatigue_upper": 0.0, "feasible": true, "lower_improvement": 0.33537840101970323, "mode": "repair", "provider_disparity_upper": 0.18180555555555555, "reason": "Base policy violates robust constraints; selected the best feasible repair by maximin improvement.", "relevance_delta_lower": -0.050223375686998306, "selected_interventions": ["repeat_cap"], "selected_mask": 1, "status": "repair_selected", "upper_improvement": 0.3697358824873186}
2026-08-19 21:34:52,085 | INFO | explanation_card_written | {"selected_mask": 1, "status": "repair_selected"}
2026-08-19 21:34:53,390 | INFO | assets_generated | {"figures": ["figures/figure_01_framework.png", "figures/figure_02_shapley_regions.png", "figures/figure_03_uncertainty_widths.png", "figures/figure_04_interaction_heatmap.png", "figures/figure_05_trajectory_comparison.png", "figures/figure_06_decision_card.png", "figures/figure_07_runtime_by_cardinality.png", "figures/figure_08_scenario_sensitivity.png"], "tables": ["tables/table_01_asset_registry.csv", "tables/table_02_benchmark_configuration.csv", "tables/table_03_attribution_regions.csv", "tables/table_04_uncertainty_summary.csv", "tables/table_05_portfolio_decision.csv", "tables/table_06_long_term_tradeoffs.csv", "tables/table_07_selection_comparison.csv", "tables/table_08_runtime_summary.csv"]}
2026-08-19 21:34:53,391 | INFO | run_finished | {"run_dir": "/home/user/next-paper/paper-ideas/CURE-Rec/code/results/reviewer_phase_assets/semireal_integration/runs/learned_bpr/semireal-learned-bpr-20260819T210525Z-9535bc33", "status": "completed"}
LEARNED BPR: repeat_cap (repair, 0.33538) (3572s)
SEMIREAL INTEGRATION DONE
                base_policy   mode          status  base_feasible  selected_mask selected_portfolio  lower_improvement  upper_improvement  cost  provider_disparity_upper  fatigue_upper  relevance_delta_lower                                                                                                                                                                                                                    robust_phi  grand_coalition_robust_value
  history_aware_handcrafted repair repair_selected          False              1         repeat_cap           0.298514           0.313069  0.05                  0.225872            0.0              -0.044137 {"repeat_cap": 0.27424751667751984, "explore_slot": -0.08740857752932682, "tail_slot": -0.06792414027035494, "diversify": -0.05980678837434343, "novel_slot": -0.08422328836042231, "provider_balance": -0.11918419961486992}                     -0.144299
learned_bpr_logged_feedback repair repair_selected          False              1         repeat_cap           0.335378           0.369736  0.05                  0.181806            0.0              -0.050223  {"repeat_cap": 0.3170547573269273, "explore_slot": -0.08641762371738931, "tail_slot": -0.07050739114255174, "diversify": -0.05923246800385072, "novel_slot": -0.09121021928430723, "provider_balance": -0.11949918271599863}                     -0.109812
